Test mode enabled.
--- Executing Plan ---
PRIVATE_KEY = "[REDACTED]"
